// Jest Snapshot v1, https://goo.gl/fbAQLP

exports[`<App /> should render app page 1`] = `
<BooksApp>
  <BrowserRouter>
    <Router
      history={
        Object {
          "action": "POP",
          "block": [Function],
          "createHref": [Function],
          "go": [Function],
          "goBack": [Function],
          "goForward": [Function],
          "length": 1,
          "listen": [Function],
          "location": Object {
            "hash": "",
            "pathname": "/",
            "search": "",
            "state": undefined,
          },
          "push": [Function],
          "replace": [Function],
        }
      }
    >
      <div
        className="app"
      >
        <Switch>
          <Route
            computedMatch={
              Object {
                "isExact": true,
                "params": Object {},
                "path": "/",
                "url": "/",
              }
            }
            location={
              Object {
                "hash": "",
                "pathname": "/",
                "search": "",
                "state": undefined,
              }
            }
            path="/"
            render={[Function]}
          >
            <Bookcase
              books={Array []}
              handleChangeShelf={[Function]}
              shelves={
                Array [
                  Object {
                    "id": "shelf1",
                    "name": "Shelf 1",
                  },
                  Object {
                    "id": "shelf2",
                    "name": "Shelf 2",
                  },
                  Object {
                    "id": "shelf3",
                    "name": "Shelf 3",
                  },
                ]
              }
            >
              <div>
                <Shelf
                  key="shelf1"
                  name="Shelf 1"
                >
                  <div
                    className="bookshelf"
                  >
                    <h2
                      className="bookshelf-title"
                    >
                      Shelf 1
                    </h2>
                    <div
                      className="bookshelf-books"
                    >
                      <ol
                        className="books-grid"
                      />
                    </div>
                  </div>
                </Shelf>
                <Shelf
                  key="shelf2"
                  name="Shelf 2"
                >
                  <div
                    className="bookshelf"
                  >
                    <h2
                      className="bookshelf-title"
                    >
                      Shelf 2
                    </h2>
                    <div
                      className="bookshelf-books"
                    >
                      <ol
                        className="books-grid"
                      />
                    </div>
                  </div>
                </Shelf>
                <Shelf
                  key="shelf3"
                  name="Shelf 3"
                >
                  <div
                    className="bookshelf"
                  >
                    <h2
                      className="bookshelf-title"
                    >
                      Shelf 3
                    </h2>
                    <div
                      className="bookshelf-books"
                    >
                      <ol
                        className="books-grid"
                      />
                    </div>
                  </div>
                </Shelf>
                <div
                  className="open-search"
                >
                  <Link
                    replace={false}
                    to="/search"
                  >
                    <a
                      href="/search"
                      onClick={[Function]}
                    >
                      Add book
                    </a>
                  </Link>
                </div>
              </div>
            </Bookcase>
          </Route>
        </Switch>
      </div>
    </Router>
  </BrowserRouter>
</BooksApp>
`;
